==================================================================
 BENCHMARK: ammp
 VARIANTE : AMD_Zen5_RUU_1024
 FECHA    : dimarts, 6 d’octubre de 2026, 01:07:56 CEST
 WORKDIR  : /home/milax/Documents/AC-P1/specwork/ammp
==================================================================

--- RESUMEN ---
sim_num_insn              100000002 # total number of instructions committed
sim_cycle                 523236471 # total simulation time in cycles
sim_IPC                      0.1911 # instructions per cycle
sim_CPI                      5.2324 # cycles per instruction
--- BUFFERS ---
ifq_occupancy               15.5382 # avg IFQ occupancy (insn's)
ruu_occupancy              494.5615 # avg RUU occupancy (insn's)
lsq_occupancy              246.0648 # avg LSQ occupancy (insn's)
--- BRANCH ---
bpred_bimod.bpred_dir_rate    0.9668 # branch direction-prediction rate (i.e., all-hits/updates)
--- CACHÉS ---
il1.accesses              131922349 # total number of accesses
il1.miss_rate                0.0000 # miss rate (i.e., misses/ref)
dl1.accesses               25917980 # total number of accesses
dl1.miss_rate                0.1290 # miss rate (i.e., misses/ref)
ul2.accesses                3375127 # total number of accesses
ul2.miss_rate                0.9891 # miss rate (i.e., misses/ref)
