==================================================================
 BENCHMARK: ammp
 VARIANTE : Intel_CougarCove
 FECHA    : dimarts, 6 d’octubre de 2026, 13:56:22 CEST
 WORKDIR  : /home/milax/Documents/AC-P1/specwork/ammp
==================================================================

--- RESUMEN ---
sim_num_insn              100000002 # total number of instructions committed
sim_cycle                  93627652 # total simulation time in cycles
sim_IPC                      1.0681 # instructions per cycle
sim_CPI                      0.9363 # cycles per instruction
--- BUFFERS ---
ifq_occupancy               13.4514 # avg IFQ occupancy (insn's)
ruu_occupancy              406.4514 # avg RUU occupancy (insn's)
lsq_occupancy              200.4054 # avg LSQ occupancy (insn's)
--- BRANCH ---
bpred_bimod.bpred_dir_rate    0.9667 # branch direction-prediction rate (i.e., all-hits/updates)
--- CACHÉS ---
il1.accesses              130188808 # total number of accesses
il1.miss_rate                0.0000 # miss rate (i.e., misses/ref)
dl1.accesses               25751599 # total number of accesses
dl1.miss_rate                0.1298 # miss rate (i.e., misses/ref)
ul2.accesses                3373876 # total number of accesses
ul2.miss_rate                0.0091 # miss rate (i.e., misses/ref)
