==================================================================
 BENCHMARK: vpr
 VARIANTE : Intel_MEMPORT_4
 FECHA    : dimarts, 6 d’octubre de 2026, 14:14:29 CEST
 WORKDIR  : /home/milax/Documents/AC-P1/specwork/vpr
==================================================================

--- RESUMEN ---
sim_num_insn              100000001 # total number of instructions committed
sim_cycle                  50134227 # total simulation time in cycles
sim_IPC                      1.9946 # instructions per cycle
sim_CPI                      0.5013 # cycles per instruction
--- BUFFERS ---
ifq_occupancy                5.0719 # avg IFQ occupancy (insn's)
ruu_occupancy               59.6827 # avg RUU occupancy (insn's)
lsq_occupancy               12.8560 # avg LSQ occupancy (insn's)
--- BRANCH ---
bpred_bimod.bpred_dir_rate    0.8603 # branch direction-prediction rate (i.e., all-hits/updates)
--- CACHÉS ---
il1.accesses              226260578 # total number of accesses
il1.miss_rate                0.0000 # miss rate (i.e., misses/ref)
dl1.accesses               28839102 # total number of accesses
dl1.miss_rate                0.0073 # miss rate (i.e., misses/ref)
ul2.accesses                 285250 # total number of accesses
ul2.miss_rate                0.1909 # miss rate (i.e., misses/ref)
