==================================================================
 BENCHMARK: vpr
 VARIANTE : AMD_Zen5_mejorado
 FECHA    : dimecres, 7 d’octubre de 2026, 16:03:08 CEST
 WORKDIR  : /home/milax/Documents/AC-P1/specwork/vpr
==================================================================

--- RESUMEN ---
sim_num_insn              100000001 # total number of instructions committed
sim_cycle                  47946290 # total simulation time in cycles
sim_IPC                      2.0857 # instructions per cycle
sim_CPI                      0.4795 # cycles per instruction
--- BUFFERS ---
ifq_occupancy                4.7068 # avg IFQ occupancy (insn's)
ruu_occupancy               45.4430 # avg RUU occupancy (insn's)
lsq_occupancy               10.1851 # avg LSQ occupancy (insn's)
--- BRANCH ---
bpred_bimod.bpred_dir_rate    0.8603 # branch direction-prediction rate (i.e., all-hits/updates)
--- CACHÉS ---
il1.accesses              223223006 # total number of accesses
il1.miss_rate                0.0000 # miss rate (i.e., misses/ref)
dl1.accesses               28846428 # total number of accesses
dl1.miss_rate                0.0060 # miss rate (i.e., misses/ref)
ul2.accesses                 238362 # total number of accesses
ul2.miss_rate                0.0971 # miss rate (i.e., misses/ref)
