==================================================================
 BENCHMARK: swim
 VARIANTE : Intel_L2_8MB
 FECHA    : dimarts, 6 d’octubre de 2026, 14:06:06 CEST
 WORKDIR  : /home/milax/Documents/AC-P1/specwork/swim
==================================================================

--- RESUMEN ---
sim_num_insn              100000000 # total number of instructions committed
sim_cycle                  17218796 # total simulation time in cycles
sim_IPC                      5.8076 # instructions per cycle
sim_CPI                      0.1722 # cycles per instruction
--- BUFFERS ---
ifq_occupancy               13.2495 # avg IFQ occupancy (insn's)
ruu_occupancy              511.0457 # avg RUU occupancy (insn's)
lsq_occupancy              189.6960 # avg LSQ occupancy (insn's)
--- BRANCH ---
bpred_bimod.bpred_dir_rate    0.9999 # branch direction-prediction rate (i.e., all-hits/updates)
--- CACHÉS ---
il1.accesses              100069617 # total number of accesses
il1.miss_rate                0.0000 # miss rate (i.e., misses/ref)
dl1.accesses               16581525 # total number of accesses
dl1.miss_rate                0.0026 # miss rate (i.e., misses/ref)
ul2.accesses                  86942 # total number of accesses
ul2.miss_rate                0.5031 # miss rate (i.e., misses/ref)
