==================================================================
 BENCHMARK: ammp
 VARIANTE : AMD_Zen5_L2_4MB
 FECHA    : dimarts, 6 d’octubre de 2026, 01:04:37 CEST
 WORKDIR  : /home/milax/Documents/AC-P1/specwork/ammp
==================================================================

--- RESUMEN ---
sim_num_insn              100000002 # total number of instructions committed
sim_cycle                  93606703 # total simulation time in cycles
sim_IPC                      1.0683 # instructions per cycle
sim_CPI                      0.9361 # cycles per instruction
--- BUFFERS ---
ifq_occupancy               13.4558 # avg IFQ occupancy (insn's)
ruu_occupancy              406.4206 # avg RUU occupancy (insn's)
lsq_occupancy              200.4137 # avg LSQ occupancy (insn's)
--- BRANCH ---
bpred_bimod.bpred_dir_rate    0.9667 # branch direction-prediction rate (i.e., all-hits/updates)
--- CACHÉS ---
il1.accesses              130029550 # total number of accesses
il1.miss_rate                0.0000 # miss rate (i.e., misses/ref)
dl1.accesses               25698015 # total number of accesses
dl1.miss_rate                0.1300 # miss rate (i.e., misses/ref)
ul2.accesses                3373834 # total number of accesses
ul2.miss_rate                0.0091 # miss rate (i.e., misses/ref)
