==================================================================
 BENCHMARK: bzip2
 VARIANTE : AMD_Zen5_L2_4MB
 FECHA    : dimarts, 6 d’octubre de 2026, 01:04:19 CEST
 WORKDIR  : /home/milax/Documents/AC-P1/specwork/bzip2
==================================================================

--- RESUMEN ---
sim_num_insn              100000001 # total number of instructions committed
sim_cycle                  28117907 # total simulation time in cycles
sim_IPC                      3.5565 # instructions per cycle
sim_CPI                      0.2812 # cycles per instruction
--- BUFFERS ---
ifq_occupancy                9.3317 # avg IFQ occupancy (insn's)
ruu_occupancy              262.0251 # avg RUU occupancy (insn's)
lsq_occupancy               92.4197 # avg LSQ occupancy (insn's)
--- BRANCH ---
bpred_bimod.bpred_dir_rate    0.9938 # branch direction-prediction rate (i.e., all-hits/updates)
--- CACHÉS ---
il1.accesses              103420430 # total number of accesses
il1.miss_rate                0.0000 # miss rate (i.e., misses/ref)
dl1.accesses               32498654 # total number of accesses
dl1.miss_rate                0.0059 # miss rate (i.e., misses/ref)
ul2.accesses                 364536 # total number of accesses
ul2.miss_rate                0.1549 # miss rate (i.e., misses/ref)
