==================================================================
 BENCHMARK: vpr
 VARIANTE : AMD_Zen5_L2_4MB
 FECHA    : dimarts, 6 d’octubre de 2026, 01:07:07 CEST
 WORKDIR  : /home/milax/Documents/AC-P1/specwork/vpr
==================================================================

--- RESUMEN ---
sim_num_insn              100000001 # total number of instructions committed
sim_cycle                  49577376 # total simulation time in cycles
sim_IPC                      2.0170 # instructions per cycle
sim_CPI                      0.4958 # cycles per instruction
--- BUFFERS ---
ifq_occupancy                5.0063 # avg IFQ occupancy (insn's)
ruu_occupancy               55.2206 # avg RUU occupancy (insn's)
lsq_occupancy               12.1701 # avg LSQ occupancy (insn's)
--- BRANCH ---
bpred_bimod.bpred_dir_rate    0.8603 # branch direction-prediction rate (i.e., all-hits/updates)
--- CACHÉS ---
il1.accesses              224391338 # total number of accesses
il1.miss_rate                0.0000 # miss rate (i.e., misses/ref)
dl1.accesses               28726930 # total number of accesses
dl1.miss_rate                0.0074 # miss rate (i.e., misses/ref)
ul2.accesses                 285258 # total number of accesses
ul2.miss_rate                0.1608 # miss rate (i.e., misses/ref)
