==================================================================
 BENCHMARK: swim
 VARIANTE : Intel_mejorado
 FECHA    : dimarts, 6 d’octubre de 2026, 21:42:57 CEST
 WORKDIR  : /home/milax/Documents/AC-P1/specwork/swim
==================================================================

--- RESUMEN ---
sim_num_insn              100000000 # total number of instructions committed
sim_cycle                  17192025 # total simulation time in cycles
sim_IPC                      5.8167 # instructions per cycle
sim_CPI                      0.1719 # cycles per instruction
--- BUFFERS ---
ifq_occupancy               11.8053 # avg IFQ occupancy (insn's)
ruu_occupancy              671.5659 # avg RUU occupancy (insn's)
lsq_occupancy              249.4592 # avg LSQ occupancy (insn's)
--- BRANCH ---
bpred_bimod.bpred_dir_rate    0.9999 # branch direction-prediction rate (i.e., all-hits/updates)
--- CACHÉS ---
il1.accesses              100091648 # total number of accesses
il1.miss_rate                0.0000 # miss rate (i.e., misses/ref)
dl1.accesses               16581119 # total number of accesses
dl1.miss_rate                0.0026 # miss rate (i.e., misses/ref)
ul2.accesses                  86430 # total number of accesses
ul2.miss_rate                0.5061 # miss rate (i.e., misses/ref)
