==================================================================
 BENCHMARK: vpr
 VARIANTE : Intel_mejorado
 FECHA    : dimarts, 6 d’octubre de 2026, 21:43:50 CEST
 WORKDIR  : /home/milax/Documents/AC-P1/specwork/vpr
==================================================================

--- RESUMEN ---
sim_num_insn              100000002 # total number of instructions committed
sim_cycle                  49404151 # total simulation time in cycles
sim_IPC                      2.0241 # instructions per cycle
sim_CPI                      0.4940 # cycles per instruction
--- BUFFERS ---
ifq_occupancy                4.7271 # avg IFQ occupancy (insn's)
ruu_occupancy               60.6715 # avg RUU occupancy (insn's)
lsq_occupancy               13.2346 # avg LSQ occupancy (insn's)
--- BRANCH ---
bpred_bimod.bpred_dir_rate    0.8603 # branch direction-prediction rate (i.e., all-hits/updates)
--- CACHÉS ---
il1.accesses              229630968 # total number of accesses
il1.miss_rate                0.0000 # miss rate (i.e., misses/ref)
dl1.accesses               28769364 # total number of accesses
dl1.miss_rate                0.0060 # miss rate (i.e., misses/ref)
ul2.accesses                 238367 # total number of accesses
ul2.miss_rate                0.1926 # miss rate (i.e., misses/ref)
