==================================================================
 BENCHMARK: ammp
 VARIANTE : AMD_Zen5_mejorado
 FECHA    : dimecres, 7 d’octubre de 2026, 19:58:33 CEST
 WORKDIR  : /home/milax/Documents/AC-P1/specwork/ammp
==================================================================

--- RESUMEN ---
sim_num_insn              100000002 # total number of instructions committed
sim_cycle                  95637603 # total simulation time in cycles
sim_IPC                      1.0456 # instructions per cycle
sim_CPI                      0.9564 # cycles per instruction
--- BUFFERS ---
ifq_occupancy               13.3378 # avg IFQ occupancy (insn's)
ruu_occupancy              416.5986 # avg RUU occupancy (insn's)
lsq_occupancy              203.3991 # avg LSQ occupancy (insn's)
--- BRANCH ---
bpred_bimod.bpred_dir_rate    0.9666 # branch direction-prediction rate (i.e., all-hits/updates)
--- CACHÉS ---
il1.accesses              139467414 # total number of accesses
il1.miss_rate                0.0000 # miss rate (i.e., misses/ref)
dl1.accesses               29032518 # total number of accesses
dl1.miss_rate                0.1151 # miss rate (i.e., misses/ref)
ul2.accesses                3374365 # total number of accesses
ul2.miss_rate                0.0091 # miss rate (i.e., misses/ref)
