==================================================================
 BENCHMARK: gap
 VARIANTE : AMD_Zen5_mejorado
 FECHA    : dimecres, 7 d’octubre de 2026, 20:00:23 CEST
 WORKDIR  : /home/milax/Documents/AC-P1/specwork/gap
==================================================================

--- RESUMEN ---
sim_num_insn               21933516 # total number of instructions committed
sim_cycle                   6272156 # total simulation time in cycles
sim_IPC                      3.4970 # instructions per cycle
sim_CPI                      0.2860 # cycles per instruction
--- BUFFERS ---
ifq_occupancy               14.6975 # avg IFQ occupancy (insn's)
ruu_occupancy              446.1868 # avg RUU occupancy (insn's)
lsq_occupancy              250.8512 # avg LSQ occupancy (insn's)
--- BRANCH ---
bpred_bimod.bpred_dir_rate    0.9989 # branch direction-prediction rate (i.e., all-hits/updates)
--- CACHÉS ---
il1.accesses               22101333 # total number of accesses
il1.miss_rate                0.0000 # miss rate (i.e., misses/ref)
dl1.accesses                8216864 # total number of accesses
dl1.miss_rate                0.0622 # miss rate (i.e., misses/ref)
ul2.accesses                1022473 # total number of accesses
ul2.miss_rate                0.4997 # miss rate (i.e., misses/ref)
