==================================================================
 BENCHMARK: swim
 VARIANTE : AMD_Zen5_mejorado
 FECHA    : dimecres, 7 d’octubre de 2026, 20:00:39 CEST
 WORKDIR  : /home/milax/Documents/AC-P1/specwork/swim
==================================================================

--- RESUMEN ---
sim_num_insn              100000003 # total number of instructions committed
sim_cycle                  22213756 # total simulation time in cycles
sim_IPC                      4.5017 # instructions per cycle
sim_CPI                      0.2221 # cycles per instruction
--- BUFFERS ---
ifq_occupancy               13.1027 # avg IFQ occupancy (insn's)
ruu_occupancy              671.3942 # avg RUU occupancy (insn's)
lsq_occupancy              251.1245 # avg LSQ occupancy (insn's)
--- BRANCH ---
bpred_bimod.bpred_dir_rate    0.9999 # branch direction-prediction rate (i.e., all-hits/updates)
--- CACHÉS ---
il1.accesses              100019720 # total number of accesses
il1.miss_rate                0.0000 # miss rate (i.e., misses/ref)
dl1.accesses               16581307 # total number of accesses
dl1.miss_rate                0.0026 # miss rate (i.e., misses/ref)
ul2.accesses                  86942 # total number of accesses
ul2.miss_rate                0.5031 # miss rate (i.e., misses/ref)
