==================================================================
 BENCHMARK: bzip2
 VARIANTE : Intel_mejorado
 FECHA    : dimecres, 7 d’octubre de 2026, 11:06:32 CEST
 WORKDIR  : /home/milax/Documents/AC-P1/specwork/bzip2
==================================================================

--- RESUMEN ---
sim_num_insn              100000000 # total number of instructions committed
sim_cycle                  27342068 # total simulation time in cycles
sim_IPC                      3.6574 # instructions per cycle
sim_CPI                      0.2734 # cycles per instruction
--- BUFFERS ---
ifq_occupancy                9.1322 # avg IFQ occupancy (insn's)
ruu_occupancy              344.5172 # avg RUU occupancy (insn's)
lsq_occupancy              120.4391 # avg LSQ occupancy (insn's)
--- BRANCH ---
bpred_bimod.bpred_dir_rate    0.9938 # branch direction-prediction rate (i.e., all-hits/updates)
--- CACHÉS ---
il1.accesses              103430830 # total number of accesses
il1.miss_rate                0.0000 # miss rate (i.e., misses/ref)
dl1.accesses               32619526 # total number of accesses
dl1.miss_rate                0.0040 # miss rate (i.e., misses/ref)
ul2.accesses                 238759 # total number of accesses
ul2.miss_rate                0.1219 # miss rate (i.e., misses/ref)
