==================================================================
 BENCHMARK: swim
 VARIANTE : AMD_Zen5_L2_2MB
 FECHA    : dimarts, 6 d’octubre de 2026, 01:03:12 CEST
 WORKDIR  : /home/milax/Documents/AC-P1/specwork/swim
==================================================================

--- RESUMEN ---
sim_num_insn              100000005 # total number of instructions committed
sim_cycle                  17288172 # total simulation time in cycles
sim_IPC                      5.7843 # instructions per cycle
sim_CPI                      0.1729 # cycles per instruction
--- BUFFERS ---
ifq_occupancy               13.2747 # avg IFQ occupancy (insn's)
ruu_occupancy              511.0943 # avg RUU occupancy (insn's)
lsq_occupancy              189.3405 # avg LSQ occupancy (insn's)
--- BRANCH ---
bpred_bimod.bpred_dir_rate    0.9999 # branch direction-prediction rate (i.e., all-hits/updates)
--- CACHÉS ---
il1.accesses              100075590 # total number of accesses
il1.miss_rate                0.0000 # miss rate (i.e., misses/ref)
dl1.accesses               16581917 # total number of accesses
dl1.miss_rate                0.0026 # miss rate (i.e., misses/ref)
ul2.accesses                  86942 # total number of accesses
ul2.miss_rate                0.5031 # miss rate (i.e., misses/ref)
