==================================================================
 BENCHMARK: vpr
 VARIANTE : Intel_CougarCove
 FECHA    : dimarts, 6 d’octubre de 2026, 19:44:26 CEST
 WORKDIR  : /home/milax/Documents/AC-P1/specwork/vpr
==================================================================

--- RESUMEN ---
sim_num_insn              100000000 # total number of instructions committed
sim_cycle                  50193140 # total simulation time in cycles
sim_IPC                      1.9923 # instructions per cycle
sim_CPI                      0.5019 # cycles per instruction
--- BUFFERS ---
ifq_occupancy                5.0713 # avg IFQ occupancy (insn's)
ruu_occupancy               60.2225 # avg RUU occupancy (insn's)
lsq_occupancy               13.0640 # avg LSQ occupancy (insn's)
--- BRANCH ---
bpred_bimod.bpred_dir_rate    0.8603 # branch direction-prediction rate (i.e., all-hits/updates)
--- CACHÉS ---
il1.accesses              226359646 # total number of accesses
il1.miss_rate                0.0000 # miss rate (i.e., misses/ref)
dl1.accesses               28862558 # total number of accesses
dl1.miss_rate                0.0073 # miss rate (i.e., misses/ref)
ul2.accesses                 285254 # total number of accesses
ul2.miss_rate                0.1909 # miss rate (i.e., misses/ref)
