==================================================================
 BENCHMARK: bzip2
 VARIANTE : Intel_CougarCove
 FECHA    : dimecres, 7 d’octubre de 2026, 18:42:51 CEST
 WORKDIR  : /home/milax/Documents/AC-P1/specwork/bzip2
==================================================================

--- RESUMEN ---
sim_num_insn              100000001 # total number of instructions committed
sim_cycle                  28893200 # total simulation time in cycles
sim_IPC                      3.4610 # instructions per cycle
sim_CPI                      0.2889 # cycles per instruction
--- BUFFERS ---
ifq_occupancy                9.5256 # avg IFQ occupancy (insn's)
ruu_occupancy              276.8822 # avg RUU occupancy (insn's)
lsq_occupancy               97.9117 # avg LSQ occupancy (insn's)
--- BRANCH ---
bpred_bimod.bpred_dir_rate    0.9938 # branch direction-prediction rate (i.e., all-hits/updates)
--- CACHÉS ---
il1.accesses              103359444 # total number of accesses
il1.miss_rate                0.0000 # miss rate (i.e., misses/ref)
dl1.accesses               31818576 # total number of accesses
dl1.miss_rate                0.0061 # miss rate (i.e., misses/ref)
ul2.accesses                 364536 # total number of accesses
ul2.miss_rate                0.1717 # miss rate (i.e., misses/ref)
