==================================================================
 BENCHMARK: vpr
 VARIANTE : AMD_Zen5_LSQ_512
 FECHA    : dimarts, 6 d’octubre de 2026, 01:29:31 CEST
 WORKDIR  : /home/milax/Documents/AC-P1/specwork/vpr
==================================================================

--- RESUMEN ---
sim_num_insn              100000000 # total number of instructions committed
sim_cycle                  51679671 # total simulation time in cycles
sim_IPC                      1.9350 # instructions per cycle
sim_CPI                      0.5168 # cycles per instruction
--- BUFFERS ---
ifq_occupancy                5.2942 # avg IFQ occupancy (insn's)
ruu_occupancy               72.0112 # avg RUU occupancy (insn's)
lsq_occupancy               14.9297 # avg LSQ occupancy (insn's)
--- BRANCH ---
bpred_bimod.bpred_dir_rate    0.8603 # branch direction-prediction rate (i.e., all-hits/updates)
--- CACHÉS ---
il1.accesses              229240294 # total number of accesses
il1.miss_rate                0.0000 # miss rate (i.e., misses/ref)
dl1.accesses               28979333 # total number of accesses
dl1.miss_rate                0.0073 # miss rate (i.e., misses/ref)
ul2.accesses                 285253 # total number of accesses
ul2.miss_rate                0.2617 # miss rate (i.e., misses/ref)
