==================================================================
 BENCHMARK: gap
 VARIANTE : AMD_Zen5_LSQ_512
 FECHA    : dimarts, 6 d’octubre de 2026, 09:12:04 CEST
 WORKDIR  : /home/milax/Documents/AC-P1/specwork/gap
==================================================================

--- RESUMEN ---
sim_num_insn               21969073 # total number of instructions committed
sim_cycle                   5629204 # total simulation time in cycles
sim_IPC                      3.9027 # instructions per cycle
sim_CPI                      0.2562 # cycles per instruction
--- BUFFERS ---
ifq_occupancy               12.6668 # avg IFQ occupancy (insn's)
ruu_occupancy              498.6730 # avg RUU occupancy (insn's)
lsq_occupancy              279.5089 # avg LSQ occupancy (insn's)
--- BRANCH ---
bpred_bimod.bpred_dir_rate    0.9987 # branch direction-prediction rate (i.e., all-hits/updates)
--- CACHÉS ---
il1.accesses               22119162 # total number of accesses
il1.miss_rate                0.0000 # miss rate (i.e., misses/ref)
dl1.accesses               10939931 # total number of accesses
dl1.miss_rate                0.0467 # miss rate (i.e., misses/ref)
ul2.accesses                1022736 # total number of accesses
ul2.miss_rate                0.4997 # miss rate (i.e., misses/ref)
