==================================================================
 BENCHMARK: vpr
 VARIANTE : Intel_mejorado_v1
 FECHA    : dimarts, 6 d’octubre de 2026, 20:30:46 CEST
 WORKDIR  : /home/milax/Documents/AC-P1/specwork/vpr
==================================================================

--- RESUMEN ---
sim_num_insn              100000001 # total number of instructions committed
sim_cycle                  49362432 # total simulation time in cycles
sim_IPC                      2.0258 # instructions per cycle
sim_CPI                      0.4936 # cycles per instruction
--- BUFFERS ---
ifq_occupancy                4.7156 # avg IFQ occupancy (insn's)
ruu_occupancy               60.1895 # avg RUU occupancy (insn's)
lsq_occupancy               13.0440 # avg LSQ occupancy (insn's)
--- BRANCH ---
bpred_bimod.bpred_dir_rate    0.8603 # branch direction-prediction rate (i.e., all-hits/updates)
--- CACHÉS ---
il1.accesses              229934728 # total number of accesses
il1.miss_rate                0.0000 # miss rate (i.e., misses/ref)
dl1.accesses               28868912 # total number of accesses
dl1.miss_rate                0.0073 # miss rate (i.e., misses/ref)
ul2.accesses                 285357 # total number of accesses
ul2.miss_rate                0.1609 # miss rate (i.e., misses/ref)
