==================================================================
 BENCHMARK: ammp
 VARIANTE : Intel_mejorado
 FECHA    : dimecres, 7 d’octubre de 2026, 18:46:57 CEST
 WORKDIR  : /home/milax/Documents/AC-P1/specwork/ammp
==================================================================

--- RESUMEN ---
sim_num_insn                  61762 # total number of instructions committed
sim_cycle                    407017 # total simulation time in cycles
sim_IPC                      0.1517 # instructions per cycle
sim_CPI                      6.5901 # cycles per instruction
--- BUFFERS ---
ifq_occupancy               15.1101 # avg IFQ occupancy (insn's)
ruu_occupancy              961.2672 # avg RUU occupancy (insn's)
lsq_occupancy              479.4480 # avg LSQ occupancy (insn's)
--- BRANCH ---
bpred_bimod.bpred_dir_rate    0.9633 # branch direction-prediction rate (i.e., all-hits/updates)
--- CACHÉS ---
il1.accesses                  81850 # total number of accesses
il1.miss_rate                0.0019 # miss rate (i.e., misses/ref)
dl1.accesses                  16768 # total number of accesses
dl1.miss_rate                0.1594 # miss rate (i.e., misses/ref)
ul2.accesses                   2832 # total number of accesses
ul2.miss_rate                0.9580 # miss rate (i.e., misses/ref)
