==================================================================
 BENCHMARK: bzip2
 VARIANTE : Intel_mejorado
 FECHA    : dimecres, 7 d’octubre de 2026, 18:46:40 CEST
 WORKDIR  : /home/milax/Documents/AC-P1/specwork/bzip2
==================================================================

--- RESUMEN ---
sim_num_insn              100000000 # total number of instructions committed
sim_cycle                  27298568 # total simulation time in cycles
sim_IPC                      3.6632 # instructions per cycle
sim_CPI                      0.2730 # cycles per instruction
--- BUFFERS ---
ifq_occupancy                9.0006 # avg IFQ occupancy (insn's)
ruu_occupancy              463.4010 # avg RUU occupancy (insn's)
lsq_occupancy              163.3499 # avg LSQ occupancy (insn's)
--- BRANCH ---
bpred_bimod.bpred_dir_rate    0.9938 # branch direction-prediction rate (i.e., all-hits/updates)
--- CACHÉS ---
il1.accesses              103539506 # total number of accesses
il1.miss_rate                0.0000 # miss rate (i.e., misses/ref)
dl1.accesses               32600173 # total number of accesses
dl1.miss_rate                0.0040 # miss rate (i.e., misses/ref)
ul2.accesses                 238744 # total number of accesses
ul2.miss_rate                0.1219 # miss rate (i.e., misses/ref)
