==================================================================
 BENCHMARK: gap
 VARIANTE : Intel_mejorado
 FECHA    : dimecres, 7 d’octubre de 2026, 18:47:00 CEST
 WORKDIR  : /home/milax/Documents/AC-P1/specwork/gap
==================================================================

--- RESUMEN ---
sim_num_insn               21809628 # total number of instructions committed
sim_cycle                   5485592 # total simulation time in cycles
sim_IPC                      3.9758 # instructions per cycle
sim_CPI                      0.2515 # cycles per instruction
--- BUFFERS ---
ifq_occupancy               13.8673 # avg IFQ occupancy (insn's)
ruu_occupancy              900.7463 # avg RUU occupancy (insn's)
lsq_occupancy              505.7751 # avg LSQ occupancy (insn's)
--- BRANCH ---
bpred_bimod.bpred_dir_rate    0.9993 # branch direction-prediction rate (i.e., all-hits/updates)
--- CACHÉS ---
il1.accesses               21898343 # total number of accesses
il1.miss_rate                0.0000 # miss rate (i.e., misses/ref)
dl1.accesses               10879042 # total number of accesses
dl1.miss_rate                0.0469 # miss rate (i.e., misses/ref)
ul2.accesses                1019360 # total number of accesses
ul2.miss_rate                0.2502 # miss rate (i.e., misses/ref)
