==================================================================
 BENCHMARK: swim
 VARIANTE : Intel_mejorado
 FECHA    : dimecres, 7 d’octubre de 2026, 18:47:06 CEST
 WORKDIR  : /home/milax/Documents/AC-P1/specwork/swim
==================================================================

--- RESUMEN ---
sim_num_insn              100000001 # total number of instructions committed
sim_cycle                  17166945 # total simulation time in cycles
sim_IPC                      5.8251 # instructions per cycle
sim_CPI                      0.1717 # cycles per instruction
--- BUFFERS ---
ifq_occupancy               15.0296 # avg IFQ occupancy (insn's)
ruu_occupancy             1021.5153 # avg RUU occupancy (insn's)
lsq_occupancy              375.2992 # avg LSQ occupancy (insn's)
--- BRANCH ---
bpred_bimod.bpred_dir_rate    0.9999 # branch direction-prediction rate (i.e., all-hits/updates)
--- CACHÉS ---
il1.accesses              100144742 # total number of accesses
il1.miss_rate                0.0000 # miss rate (i.e., misses/ref)
dl1.accesses               16581588 # total number of accesses
dl1.miss_rate                0.0026 # miss rate (i.e., misses/ref)
ul2.accesses                  86430 # total number of accesses
ul2.miss_rate                0.2531 # miss rate (i.e., misses/ref)
