==================================================================
 BENCHMARK: ammp
 VARIANTE : Intel_mejorado_v1
 FECHA    : dimarts, 6 d’octubre de 2026, 21:47:02 CEST
 WORKDIR  : /home/milax/Documents/AC-P1/specwork/ammp
==================================================================

--- RESUMEN ---
sim_num_insn                  61771 # total number of instructions committed
sim_cycle                    406999 # total simulation time in cycles
sim_IPC                      0.1518 # instructions per cycle
sim_CPI                      6.5888 # cycles per instruction
--- BUFFERS ---
ifq_occupancy               15.1106 # avg IFQ occupancy (insn's)
ruu_occupancy              961.3148 # avg RUU occupancy (insn's)
lsq_occupancy              479.4693 # avg LSQ occupancy (insn's)
--- BRANCH ---
bpred_bimod.bpred_dir_rate    0.9634 # branch direction-prediction rate (i.e., all-hits/updates)
--- CACHÉS ---
il1.accesses                  81798 # total number of accesses
il1.miss_rate                0.0019 # miss rate (i.e., misses/ref)
dl1.accesses                  16769 # total number of accesses
dl1.miss_rate                0.1593 # miss rate (i.e., misses/ref)
ul2.accesses                   2832 # total number of accesses
ul2.miss_rate                0.9580 # miss rate (i.e., misses/ref)
