==================================================================
 BENCHMARK: gap
 VARIANTE : Intel_mejorado_v1
 FECHA    : dimarts, 6 d’octubre de 2026, 21:47:04 CEST
 WORKDIR  : /home/milax/Documents/AC-P1/specwork/gap
==================================================================

--- RESUMEN ---
sim_num_insn               21808836 # total number of instructions committed
sim_cycle                   5484711 # total simulation time in cycles
sim_IPC                      3.9763 # instructions per cycle
sim_CPI                      0.2515 # cycles per instruction
--- BUFFERS ---
ifq_occupancy               13.8684 # avg IFQ occupancy (insn's)
ruu_occupancy              900.7987 # avg RUU occupancy (insn's)
lsq_occupancy              505.8135 # avg LSQ occupancy (insn's)
--- BRANCH ---
bpred_bimod.bpred_dir_rate    0.9993 # branch direction-prediction rate (i.e., all-hits/updates)
--- CACHÉS ---
il1.accesses               21894122 # total number of accesses
il1.miss_rate                0.0000 # miss rate (i.e., misses/ref)
dl1.accesses               10878625 # total number of accesses
dl1.miss_rate                0.0469 # miss rate (i.e., misses/ref)
ul2.accesses                1019973 # total number of accesses
ul2.miss_rate                0.2500 # miss rate (i.e., misses/ref)
