==================================================================
 BENCHMARK: gap
 VARIANTE : Intel_mejorado
 FECHA    : dimecres, 7 d’octubre de 2026, 10:49:52 CEST
 WORKDIR  : /home/milax/Documents/AC-P1/specwork/gap
==================================================================

--- RESUMEN ---
sim_num_insn               21932094 # total number of instructions committed
sim_cycle                   5583310 # total simulation time in cycles
sim_IPC                      3.9282 # instructions per cycle
sim_CPI                      0.2546 # cycles per instruction
--- BUFFERS ---
ifq_occupancy               14.4330 # avg IFQ occupancy (insn's)
ruu_occupancy              446.9846 # avg RUU occupancy (insn's)
lsq_occupancy              250.4039 # avg LSQ occupancy (insn's)
--- BRANCH ---
bpred_bimod.bpred_dir_rate    0.9989 # branch direction-prediction rate (i.e., all-hits/updates)
--- CACHÉS ---
il1.accesses               22083922 # total number of accesses
il1.miss_rate                0.0000 # miss rate (i.e., misses/ref)
dl1.accesses               10927761 # total number of accesses
dl1.miss_rate                0.0468 # miss rate (i.e., misses/ref)
ul2.accesses                1021314 # total number of accesses
ul2.miss_rate                0.5002 # miss rate (i.e., misses/ref)
