==================================================================
 BENCHMARK: gap
 VARIANTE : Intel_RUU_1024
 FECHA    : dimarts, 6 d’octubre de 2026, 01:45:20 CEST
 WORKDIR  : /home/milax/Documents/AC-P1/specwork/gap
==================================================================

--- RESUMEN ---
sim_num_insn               21932094 # total number of instructions committed
sim_cycle                   5584969 # total simulation time in cycles
sim_IPC                      3.9270 # instructions per cycle
sim_CPI                      0.2546 # cycles per instruction
--- BUFFERS ---
ifq_occupancy               14.9153 # avg IFQ occupancy (insn's)
ruu_occupancy              445.7998 # avg RUU occupancy (insn's)
lsq_occupancy              250.1499 # avg LSQ occupancy (insn's)
--- BRANCH ---
bpred_bimod.bpred_dir_rate    0.9989 # branch direction-prediction rate (i.e., all-hits/updates)
--- CACHÉS ---
il1.accesses               22089704 # total number of accesses
il1.miss_rate                0.0000 # miss rate (i.e., misses/ref)
dl1.accesses                9574318 # total number of accesses
dl1.miss_rate                0.0534 # miss rate (i.e., misses/ref)
ul2.accesses                1022432 # total number of accesses
ul2.miss_rate                0.4996 # miss rate (i.e., misses/ref)
