==================================================================
 BENCHMARK: vpr
 VARIANTE : Intel_RUU_1024
 FECHA    : dimarts, 6 d’octubre de 2026, 14:10:50 CEST
 WORKDIR  : /home/milax/Documents/AC-P1/specwork/vpr
==================================================================

--- RESUMEN ---
sim_num_insn              100000001 # total number of instructions committed
sim_cycle                  50155736 # total simulation time in cycles
sim_IPC                      1.9938 # instructions per cycle
sim_CPI                      0.5016 # cycles per instruction
--- BUFFERS ---
ifq_occupancy                4.7704 # avg IFQ occupancy (insn's)
ruu_occupancy               68.8477 # avg RUU occupancy (insn's)
lsq_occupancy               14.5429 # avg LSQ occupancy (insn's)
--- BRANCH ---
bpred_bimod.bpred_dir_rate    0.8603 # branch direction-prediction rate (i.e., all-hits/updates)
--- CACHÉS ---
il1.accesses              233581635 # total number of accesses
il1.miss_rate                0.0000 # miss rate (i.e., misses/ref)
dl1.accesses               28957460 # total number of accesses
dl1.miss_rate                0.0073 # miss rate (i.e., misses/ref)
ul2.accesses                 285317 # total number of accesses
ul2.miss_rate                0.1909 # miss rate (i.e., misses/ref)
