==================================================================
 BENCHMARK: swim
 VARIANTE : Intel_mejorado
 FECHA    : dimecres, 7 d’octubre de 2026, 16:09:15 CEST
 WORKDIR  : /home/milax/Documents/AC-P1/specwork/swim
==================================================================

--- RESUMEN ---
sim_num_insn              100000007 # total number of instructions committed
sim_cycle                  17240464 # total simulation time in cycles
sim_IPC                      5.8003 # instructions per cycle
sim_CPI                      0.1724 # cycles per instruction
--- BUFFERS ---
ifq_occupancy               11.8065 # avg IFQ occupancy (insn's)
ruu_occupancy              669.7855 # avg RUU occupancy (insn's)
lsq_occupancy              248.5569 # avg LSQ occupancy (insn's)
--- BRANCH ---
bpred_bimod.bpred_dir_rate    0.9999 # branch direction-prediction rate (i.e., all-hits/updates)
--- CACHÉS ---
il1.accesses              100097458 # total number of accesses
il1.miss_rate                0.0000 # miss rate (i.e., misses/ref)
dl1.accesses               16581639 # total number of accesses
dl1.miss_rate                0.0026 # miss rate (i.e., misses/ref)
ul2.accesses                  86432 # total number of accesses
ul2.miss_rate                0.2531 # miss rate (i.e., misses/ref)
