==================================================================
 BENCHMARK: swim
 VARIANTE : AMD_Zen5_mejorado
 FECHA    : dimecres, 7 d’octubre de 2026, 18:40:49 CEST
 WORKDIR  : /home/milax/Documents/AC-P1/specwork/swim
==================================================================

--- RESUMEN ---
sim_num_insn              100000003 # total number of instructions committed
sim_cycle                  17207643 # total simulation time in cycles
sim_IPC                      5.8114 # instructions per cycle
sim_CPI                      0.1721 # cycles per instruction
--- BUFFERS ---
ifq_occupancy               14.1721 # avg IFQ occupancy (insn's)
ruu_occupancy             1021.4247 # avg RUU occupancy (insn's)
lsq_occupancy              375.9909 # avg LSQ occupancy (insn's)
--- BRANCH ---
bpred_bimod.bpred_dir_rate    0.9999 # branch direction-prediction rate (i.e., all-hits/updates)
--- CACHÉS ---
il1.accesses              100130428 # total number of accesses
il1.miss_rate                0.0000 # miss rate (i.e., misses/ref)
dl1.accesses               16612219 # total number of accesses
dl1.miss_rate                0.0026 # miss rate (i.e., misses/ref)
ul2.accesses                  86940 # total number of accesses
ul2.miss_rate                0.5031 # miss rate (i.e., misses/ref)
