==================================================================
 BENCHMARK: gap
 VARIANTE : AMD_Zen5_mejorado_v1
 FECHA    : dimarts, 6 d’octubre de 2026, 21:44:37 CEST
 WORKDIR  : /home/milax/Documents/AC-P1/specwork/gap
==================================================================

--- RESUMEN ---
sim_num_insn               21808836 # total number of instructions committed
sim_cycle                   5485980 # total simulation time in cycles
sim_IPC                      3.9754 # instructions per cycle
sim_CPI                      0.2515 # cycles per instruction
--- BUFFERS ---
ifq_occupancy               13.8655 # avg IFQ occupancy (insn's)
ruu_occupancy              900.7102 # avg RUU occupancy (insn's)
lsq_occupancy              505.7353 # avg LSQ occupancy (insn's)
--- BRANCH ---
bpred_bimod.bpred_dir_rate    0.9993 # branch direction-prediction rate (i.e., all-hits/updates)
--- CACHÉS ---
il1.accesses               21895580 # total number of accesses
il1.miss_rate                0.0000 # miss rate (i.e., misses/ref)
dl1.accesses               10878570 # total number of accesses
dl1.miss_rate                0.0469 # miss rate (i.e., misses/ref)
ul2.accesses                1019973 # total number of accesses
ul2.miss_rate                0.2500 # miss rate (i.e., misses/ref)
