==================================================================
 BENCHMARK: bzip2
 VARIANTE : AMD_Zen5_mejorado_v1
 FECHA    : dimarts, 6 d’octubre de 2026, 20:26:14 CEST
 WORKDIR  : /home/milax/Documents/AC-P1/specwork/bzip2
==================================================================

--- RESUMEN ---
sim_num_insn              100000000 # total number of instructions committed
sim_cycle                  27868712 # total simulation time in cycles
sim_IPC                      3.5883 # instructions per cycle
sim_CPI                      0.2787 # cycles per instruction
--- BUFFERS ---
ifq_occupancy                9.0765 # avg IFQ occupancy (insn's)
ruu_occupancy              489.4799 # avg RUU occupancy (insn's)
lsq_occupancy              172.8174 # avg LSQ occupancy (insn's)
--- BRANCH ---
bpred_bimod.bpred_dir_rate    0.9938 # branch direction-prediction rate (i.e., all-hits/updates)
--- CACHÉS ---
il1.accesses              104273493 # total number of accesses
il1.miss_rate                0.0000 # miss rate (i.e., misses/ref)
dl1.accesses               33260013 # total number of accesses
dl1.miss_rate                0.0058 # miss rate (i.e., misses/ref)
ul2.accesses                 364499 # total number of accesses
ul2.miss_rate                0.1549 # miss rate (i.e., misses/ref)
