==================================================================
 BENCHMARK: bzip2
 VARIANTE : Intel_mejorado
 FECHA    : dimarts, 6 d’octubre de 2026, 22:42:51 CEST
 WORKDIR  : /home/milax/Documents/AC-P1/specwork/bzip2
==================================================================

--- RESUMEN ---
sim_num_insn              100000003 # total number of instructions committed
sim_cycle                  27796909 # total simulation time in cycles
sim_IPC                      3.5975 # instructions per cycle
sim_CPI                      0.2780 # cycles per instruction
--- BUFFERS ---
ifq_occupancy                9.2084 # avg IFQ occupancy (insn's)
ruu_occupancy              365.9558 # avg RUU occupancy (insn's)
lsq_occupancy              128.2126 # avg LSQ occupancy (insn's)
--- BRANCH ---
bpred_bimod.bpred_dir_rate    0.9938 # branch direction-prediction rate (i.e., all-hits/updates)
--- CACHÉS ---
il1.accesses              103959433 # total number of accesses
il1.miss_rate                0.0000 # miss rate (i.e., misses/ref)
dl1.accesses               32203482 # total number of accesses
dl1.miss_rate                0.0040 # miss rate (i.e., misses/ref)
ul2.accesses                 238757 # total number of accesses
ul2.miss_rate                0.2366 # miss rate (i.e., misses/ref)
